---
source: crates/unshackled-tui/tests/render.rs
assertion_line: 95
expression: "render_string(&state, 90, 18)"
---
┌Unshackled──────────────────────────────────────────────────────────────────────────────┐
│Unshackled v0.1.0 | local/test-model | ws:demo | session:ab12cd                         │
└────────────────────────────────────────────────────────────────────────────────────────┘
┌transcript──────────────────────────────────────────────────────────────────────────────┐
│ you: summarize the parser                                                              │
│ assistant: Th┌approve tool?─────────────────────────────────────────────┐              │
│              │tool: run_shell                                           │              │
│              │target: rm -rf build                                      │              │
│              │risk: destructive                                         │              │
│              │profile: default                                          │              │
│              │                                                          │              │
│              │[y] approve   [n] deny                                    │              │
└──────────────└──────────────────────────────────────────────────────────┘──────────────┘
┌input  (Enter to send · Ctrl+J or Shift+Enter for newline)──────────────────────────────┐
│                                                                                        │
└────────────────────────────────────────────────────────────────────────────────────────┘
mode:agent profile:default tok in/out:120/48 24 t/s ctx:1200/8000
