---
source: crates/unshackled-tui/tests/render.rs
assertion_line: 81
expression: rendered
---
┌Unshackled──────────────────────────────────────────────────────────────────────────────┐
│Unshackled v0.1.0 | local/test-model | ws:demo | session:ab12cd                         │
└────────────────────────────────────────────────────────────────────────────────────────┘
┌transcript────────────────────────────────────────────────┐┌thinking────────────────────┐
│ you: summarize the parser                                ││considering the edge cases  │
│ assistant: The parser reports precise errors.            ││                            │
│                                                          ││                            │
│                                                          ││                            │
│                                                          ││                            │
│                                                          ││                            │
│                                                          ││                            │
│                                                          ││                            │
└──────────────────────────────────────────────────────────┘└────────────────────────────┘
┌input  (Enter to send · Ctrl+J for newline)─────────────────────────────────────────────┐
│                                                                                        │
└────────────────────────────────────────────────────────────────────────────────────────┘
mode:agent profile:default tok in/out:120/48 24 t/s ctx:1200/8000
